2026-10-01 15:44:28  === Watchdog iniciando ===
2026-10-01 15:44:30  Pendencia detectada -> mudancas locais: 'True' | commits nao enviados: 'False' | lock: 'False' | index quebrado: 'False'
2026-10-01 15:44:30  Commit OK: c1c0b7b99ab5afa01dd6d46db16808a8549a225e
2026-10-01 15:44:30  Empurrando para origin/main...
2026-10-01 15:44:33  Push OK e VERIFICADO: HEAD sincronizado com origin/main. Vercel deploya em ~1 min.
2026-10-01 15:44:33  === Watchdog concluido com sucesso ===
2026-10-01 15:54:28  === Watchdog iniciando ===
2026-10-01 15:54:30  Pendencia detectada -> mudancas locais: 'True' | commits nao enviados: 'False' | lock: 'False' | index quebrado: 'False'
2026-10-01 15:54:30  Commit OK: 711a0c2973074bf0ab53b8f8cc138b06b51123fd
2026-10-01 15:54:30  Empurrando para origin/main...
2026-10-01 15:54:33  Push OK e VERIFICADO: HEAD sincronizado com origin/main. Vercel deploya em ~1 min.
2026-10-01 15:54:33  === Watchdog concluido com sucesso ===
2026-10-01 16:04:29  === Watchdog iniciando ===
2026-10-01 16:04:30  Pendencia detectada -> mudancas locais: 'True' | commits nao enviados: 'False' | lock: 'False' | index quebrado: 'False'
2026-10-01 16:04:30  Commit OK: c332faeff59385997e922f4558fca4ebd8027d4f
2026-10-01 16:04:30  Empurrando para origin/main...
2026-10-01 16:04:33  Push OK e VERIFICADO: HEAD sincronizado com origin/main. Vercel deploya em ~1 min.
2026-10-01 16:04:33  === Watchdog concluido com sucesso ===
2026-10-01 16:14:31  === Watchdog iniciando ===
2026-10-01 16:14:34  Pendencia detectada -> mudancas locais: 'True' | commits nao enviados: 'False' | lock: 'False' | index quebrado: 'False'
2026-10-01 16:14:36  Commit OK: 57b099c09cd750583293b6b668220cb195c587f7
2026-10-01 16:14:36  Empurrando para origin/main...
2026-10-01 16:14:40  Push OK e VERIFICADO: HEAD sincronizado com origin/main. Vercel deploya em ~1 min.
2026-10-01 16:14:40  === Watchdog concluido com sucesso ===
2026-10-01 16:24:41  === Watchdog iniciando ===
2026-10-01 16:24:43  Pendencia detectada -> mudancas locais: 'True' | commits nao enviados: 'False' | lock: 'False' | index quebrado: 'False'
